lib_run failed: Success
lib_run failed: Success
lib_run failed: Success
lib_run failed: Success
lib_run failed: Success
lib_run failed: Success
lib_run failed: Success
lib_run failed: Success
lib_run failed: Success
lib_run failed: Success
lib_run failed: Success
lib_run failed: Success
lib_run failed: Success
lib_run failed: Success
lib_run failed: Success
lib_run failed: Success
lib_run failed: Success
lib_run failed: Success
lib_run failed: Success
lib_run failed: Success
lib_run failed: Success
lib_run failed: Success
lib_run failed: Success
lib_run failed: Success
lib_run failed: Success
lib_run failed: Success
lib_run failed: Success
lib_run failed: Success
lib_run failed: Success
lib_run failed: Success
lib_run failed: Success
lib_run failed: Success
lib_run failed: Success
lib_run failed: Success
lib_run failed: Success
lib_run failed: Success
lib_run failed: Success
lib_run failed: Success
lib_run failed: Success
lib_run failed: Success
lib_run failed: Success
lib_run failed: Success
lib_run failed: Success
lib_run failed: Success
lib_run failed: Success
lib_run failed: Success
lib_run failed: Success
lib_run failed: Success
lib_run failed: Success
lib_run failed: Success
lib_run failed: Success
lib_run failed: Success
lib_run failed: Success
lib_run failed: Success
lib_run failed: Success
lib_run failed: Success
lib_run failed: Success
lib_run failed: Success
lib_run failed: Success
lib_run failed: Success
lib_run failed: Success
lib_run failed: Success
lib_run failed: Success
lib_run failed: Success
lib_run failed: Success
lib_run failed: Success
lib_run failed: Success
lib_run failed: Success
lib_run failed: Success
lib_run failed: Success
lib_run failed: Success
lib_run failed: Success
lib_run failed: Success
lib_run failed: Success
lib_run failed: Success
lib_run failed: Success
lib_run failed: Success
lib_run failed: Success
lib_run failed: Success
lib_run failed: Success
lib_run failed: Success
lib_run failed: Success
lib_run failed: Success
lib_run failed: Success
lib_run failed: Success
lib_run failed: Success
lib_run failed: Success
lib_run failed: Success
lib_run failed: Success
lib_run failed: Success
lib_run failed: Success
lib_run failed: Success
lib_run failed: Success
lib_run failed: Success
lib_run failed: Success
lib_run failed: Success
lib_run failed: Success
lib_run failed: Success
lib_run failed: Success
lib_run failed: Success
lib_run failed: Success
lib_run failed: Success
lib_run failed: Success
lib_run failed: Success
lib_run failed: Success
lib_run failed: Success
lib_run failed: Success
lib_run failed: Success
lib_run failed: Success
lib_run failed: Success
lib_run failed: Success
lib_run failed: Success
lib_run failed: Success
lib_run failed: Success
lib_run failed: Success
lib_run failed: Success
lib_run failed: Success
lib_run failed: Success
lib_run failed: Success
lib_run failed: Success
lib_run failed: Success
lib_run failed: Success
lib_run failed: Success
lib_run failed: Success
lib_run failed: Success
lib_run failed: Success
lib_run failed: Success
lib_run failed: Success
lib_run failed: Success
lib_run failed: Success
lib_run failed: Success
lib_run failed: Success
lib_run failed: Success
lib_run failed: Success
lib_run failed: Success
lib_run failed: Success
lib_run failed: Success
lib_run failed: Success
lib_run failed: Success
lib_run failed: Success
lib_run failed: Success
lib_run failed: Success
lib_run failed: Success
lib_run failed: Success
lib_run failed: Success
lib_run failed: Success
lib_run failed: Success
lib_run failed: Success
lib_run failed: Success
lib_run failed: Success
lib_run failed: Success
lib_run failed: Success
lib_run failed: Success
lib_run failed: Success
lib_run failed: Success
lib_run failed: Success
lib_run failed: Success
lib_run failed: Success
lib_run failed: Success
lib_run failed: Success
lib_run failed: Success
lib_run failed: Success
lib_run failed: Success
lib_run failed: Success
lib_run failed: Success
lib_run failed: Success
lib_run failed: Success
lib_run failed: Success
lib_run failed: Success
lib_run failed: Success
lib_run failed: Success
lib_run failed: Success
lib_run failed: Success
lib_run failed: Success
lib_run failed: Success
lib_run failed: Success
lib_run failed: Success
lib_run failed: Success
lib_run failed: Success
lib_run failed: Success
lib_run failed: Success
lib_run failed: Success
lib_run failed: Success
lib_run failed: Success
lib_run failed: Success
lib_run failed: Success
lib_run failed: Success
lib_run failed: Success
lib_run failed: Success
lib_run failed: Success
lib_run failed: Success
lib_run failed: Success
lib_run failed: Success
lib_run failed: Success
lib_run failed: Success
lib_run failed: Success
lib_run failed: Success
lib_run failed: Success
lib_run failed: Success
lib_run failed: Success
lib_run failed: Success
lib_run failed: Success
lib_run failed: Success
lib_run failed: Success
lib_run failed: Success
lib_run failed: Success
lib_run failed: Success
lib_run failed: Success
lib_run failed: Success
lib_run failed: Success
lib_run failed: Success
lib_run failed: Success
lib_run failed: Success
lib_run failed: Success
lib_run failed: Success
lib_run failed: Success
lib_run failed: Success
lib_run failed: Success
lib_run failed: Success
lib_run failed: Success
lib_run failed: Success
lib_run failed: Success
lib_run failed: Success
lib_run failed: Success
lib_run failed: Success
lib_run failed: Success
lib_run failed: Success
lib_run failed: Success
lib_run failed: Success
lib_run failed: Success
lib_run failed: Success
lib_run failed: Success
lib_run failed: Success
lib_run failed: Success
lib_run failed: Success
lib_run failed: Success
lib_run failed: Success
lib_run failed: Success
lib_run failed: Success
lib_run failed: Success
lib_run failed: Success
lib_run failed: Success
lib_run failed: Success
lib_run failed: Success
lib_run failed: Success
lib_run failed: Success
lib_run failed: Success
lib_run failed: Success
lib_run failed: Success
lib_run failed: Success
lib_run failed: Success
lib_run failed: Success
