Output file: /home/gabi/projects/hack-so2023/lambda-function-loader/checker/output/out-n9ST6c
