/home/gabi/projects/hack-so2023/lambda-function-loader/checker/output/out-6dbWbk
/home/gabi/projects/hack-so2023/lambda-function-loader/checker/output/out-xx9sEl
/home/gabi/projects/hack-so2023/lambda-function-loader/checker/output/out-lgKIWP
/home/gabi/projects/hack-so2023/lambda-function-loader/checker/output/out-k4ecox
/home/gabi/projects/hack-so2023/lambda-function-loader/checker/output/out-5nON0h
/home/gabi/projects/hack-so2023/lambda-function-loader/checker/output/out-8T9oVz
/home/gabi/projects/hack-so2023/lambda-function-loader/checker/output/out-3mhh99
/home/gabi/projects/hack-so2023/lambda-function-loader/checker/output/out-BJMfom
/home/gabi/projects/hack-so2023/lambda-function-loader/checker/output/out-a2HqOO
/home/gabi/projects/hack-so2023/lambda-function-loader/checker/output/out-mURPBk
/home/gabi/projects/hack-so2023/lambda-function-loader/checker/output/out-8UgTMM
/home/gabi/projects/hack-so2023/lambda-function-loader/checker/output/out-ns4jmI
/home/gabi/projects/hack-so2023/lambda-function-loader/checker/output/out-6lop5c
/home/gabi/projects/hack-so2023/lambda-function-loader/checker/output/out-nwhtcR
/home/gabi/projects/hack-so2023/lambda-function-loader/checker/output/out-jSc9By
/home/gabi/projects/hack-so2023/lambda-function-loader/checker/output/out-U3yqBk
/home/gabi/projects/hack-so2023/lambda-function-loader/checker/output/out-PQ4To0
/home/gabi/projects/hack-so2023/lambda-function-loader/checker/output/out-35a1tg
/home/gabi/projects/hack-so2023/lambda-function-loader/checker/output/out-0Umo6q
/home/gabi/projects/hack-so2023/lambda-function-loader/checker/output/out-xvykDV
/home/gabi/projects/hack-so2023/lambda-function-loader/checker/output/out-HpQpPT
/home/gabi/projects/hack-so2023/lambda-function-loader/checker/output/out-KnfLpo
/home/gabi/projects/hack-so2023/lambda-function-loader/checker/output/out-8f4Mc6
/home/gabi/projects/hack-so2023/lambda-function-loader/checker/output/out-wtkVTm
/home/gabi/projects/hack-so2023/lambda-function-loader/checker/output/out-7GsDLS
/home/gabi/projects/hack-so2023/lambda-function-loader/checker/output/out-dcVK4j
/home/gabi/projects/hack-so2023/lambda-function-loader/checker/output/out-qzWYhp
/home/gabi/projects/hack-so2023/lambda-function-loader/checker/output/out-U769jz
/home/gabi/projects/hack-so2023/lambda-function-loader/checker/output/out-3sChAJ
/home/gabi/projects/hack-so2023/lambda-function-loader/checker/output/out-TBLIAH
/home/gabi/projects/hack-so2023/lambda-function-loader/checker/output/out-IkWN1C
/home/gabi/projects/hack-so2023/lambda-function-loader/checker/output/out-xs7LH1
/home/gabi/projects/hack-so2023/lambda-function-loader/checker/output/out-cSKYs7
/home/gabi/projects/hack-so2023/lambda-function-loader/checker/output/out-19wjS7
/home/gabi/projects/hack-so2023/lambda-function-loader/checker/output/out-bfDt1W
/home/gabi/projects/hack-so2023/lambda-function-loader/checker/output/out-R279SS
/home/gabi/projects/hack-so2023/lambda-function-loader/checker/output/out-XWuX9H
/home/gabi/projects/hack-so2023/lambda-function-loader/checker/output/out-JH7aGj
/home/gabi/projects/hack-so2023/lambda-function-loader/checker/output/out-duiuK1
/home/gabi/projects/hack-so2023/lambda-function-loader/checker/output/out-aPrvfo
/home/gabi/projects/hack-so2023/lambda-function-loader/checker/output/out-EqqOR7
/home/gabi/projects/hack-so2023/lambda-function-loader/checker/output/out-1XmezQ
/home/gabi/projects/hack-so2023/lambda-function-loader/checker/output/out-oTdPc1
/home/gabi/projects/hack-so2023/lambda-function-loader/checker/output/out-e67fEI
/home/gabi/projects/hack-so2023/lambda-function-loader/checker/output/out-3dByEB
/home/gabi/projects/hack-so2023/lambda-function-loader/checker/output/out-y2iNYs
/home/gabi/projects/hack-so2023/lambda-function-loader/checker/output/out-0AMaig
/home/gabi/projects/hack-so2023/lambda-function-loader/checker/output/out-S8T2c7
/home/gabi/projects/hack-so2023/lambda-function-loader/checker/output/out-0I6Y1s
/home/gabi/projects/hack-so2023/lambda-function-loader/checker/output/out-fCZPTX
/home/gabi/projects/hack-so2023/lambda-function-loader/checker/output/out-05n7pW
/home/gabi/projects/hack-so2023/lambda-function-loader/checker/output/out-7KOP5J
/home/gabi/projects/hack-so2023/lambda-function-loader/checker/output/out-wg7hWG
/home/gabi/projects/hack-so2023/lambda-function-loader/checker/output/out-AhUhiG
/home/gabi/projects/hack-so2023/lambda-function-loader/checker/output/out-ORqt8o
/home/gabi/projects/hack-so2023/lambda-function-loader/checker/output/out-Lr9bpj
/home/gabi/projects/hack-so2023/lambda-function-loader/checker/output/out-UOFyZP
/home/gabi/projects/hack-so2023/lambda-function-loader/checker/output/out-XSi7qr
/home/gabi/projects/hack-so2023/lambda-function-loader/checker/output/out-ubhZXb
/home/gabi/projects/hack-so2023/lambda-function-loader/checker/output/out-BP5fiZ
/home/gabi/projects/hack-so2023/lambda-function-loader/checker/output/out-PTRMQF
/home/gabi/projects/hack-so2023/lambda-function-loader/checker/output/out-OXVgke
/home/gabi/projects/hack-so2023/lambda-function-loader/checker/output/out-AC6WNX
/home/gabi/projects/hack-so2023/lambda-function-loader/checker/output/out-33YOYy
/home/gabi/projects/hack-so2023/lambda-function-loader/checker/output/out-pmqMhC
/home/gabi/projects/hack-so2023/lambda-function-loader/checker/output/out-pLop6O
/home/gabi/projects/hack-so2023/lambda-function-loader/checker/output/out-OnxHz8
/home/gabi/projects/hack-so2023/lambda-function-loader/checker/output/out-0114vI
/home/gabi/projects/hack-so2023/lambda-function-loader/checker/output/out-zsxwrg
/home/gabi/projects/hack-so2023/lambda-function-loader/checker/output/out-TWs8xq
/home/gabi/projects/hack-so2023/lambda-function-loader/checker/output/out-xzuVgt
/home/gabi/projects/hack-so2023/lambda-function-loader/checker/output/out-Kwee2P
/home/gabi/projects/hack-so2023/lambda-function-loader/checker/output/out-yiK5wl
/home/gabi/projects/hack-so2023/lambda-function-loader/checker/output/out-dRWgVC
/home/gabi/projects/hack-so2023/lambda-function-loader/checker/output/out-ztGeD8
/home/gabi/projects/hack-so2023/lambda-function-loader/checker/output/out-hrQ9kc
/home/gabi/projects/hack-so2023/lambda-function-loader/checker/output/out-cHQyRO
/home/gabi/projects/hack-so2023/lambda-function-loader/checker/output/out-GM43nn
/home/gabi/projects/hack-so2023/lambda-function-loader/checker/output/out-bNKy7H
/home/gabi/projects/hack-so2023/lambda-function-loader/checker/output/out-KaLK9Q
/home/gabi/projects/hack-so2023/lambda-function-loader/checker/output/out-RfeXpD
/home/gabi/projects/hack-so2023/lambda-function-loader/checker/output/out-gC3ypo
/home/gabi/projects/hack-so2023/lambda-function-loader/checker/output/out-BbPh0t
/home/gabi/projects/hack-so2023/lambda-function-loader/checker/output/out-aBflhb
/home/gabi/projects/hack-so2023/lambda-function-loader/checker/output/out-rzxN65
/home/gabi/projects/hack-so2023/lambda-function-loader/checker/output/out-K07dBy
/home/gabi/projects/hack-so2023/lambda-function-loader/checker/output/out-0Yk9ay
/home/gabi/projects/hack-so2023/lambda-function-loader/checker/output/out-Q1pW80
/home/gabi/projects/hack-so2023/lambda-function-loader/checker/output/out-iVYoGL
/home/gabi/projects/hack-so2023/lambda-function-loader/checker/output/out-MXy16b
/home/gabi/projects/hack-so2023/lambda-function-loader/checker/output/out-PHSgqx
/home/gabi/projects/hack-so2023/lambda-function-loader/checker/output/out-rg4slA
/home/gabi/projects/hack-so2023/lambda-function-loader/checker/output/out-nEoPrf
/home/gabi/projects/hack-so2023/lambda-function-loader/checker/output/out-d0JYKw
/home/gabi/projects/hack-so2023/lambda-function-loader/checker/output/out-PT5lDl
/home/gabi/projects/hack-so2023/lambda-function-loader/checker/output/out-1NKdh8
/home/gabi/projects/hack-so2023/lambda-function-loader/checker/output/out-X850XQ
/home/gabi/projects/hack-so2023/lambda-function-loader/checker/output/out-X0jseg
/home/gabi/projects/hack-so2023/lambda-function-loader/checker/output/out-499wCY
/home/gabi/projects/hack-so2023/lambda-function-loader/checker/output/out-mvfXK1
