/home/gabi/projects/hack-so2023/lambda-function-loader/checker/output/out-VA1xZo
/home/gabi/projects/hack-so2023/lambda-function-loader/checker/output/out-lBgPfm
/home/gabi/projects/hack-so2023/lambda-function-loader/checker/output/out-XWYP8X
/home/gabi/projects/hack-so2023/lambda-function-loader/checker/output/out-sTVkvH
/home/gabi/projects/hack-so2023/lambda-function-loader/checker/output/out-fapEmN
/home/gabi/projects/hack-so2023/lambda-function-loader/checker/output/out-rHM4ZH
/home/gabi/projects/hack-so2023/lambda-function-loader/checker/output/out-t98TDI
/home/gabi/projects/hack-so2023/lambda-function-loader/checker/output/out-ycyXuR
/home/gabi/projects/hack-so2023/lambda-function-loader/checker/output/out-lsJQhv
/home/gabi/projects/hack-so2023/lambda-function-loader/checker/output/out-hvP8UJ
