/home/gabi/projects/hack-so2023/lambda-function-loader/checker/output/out-eKw9tl
