Output file: /home/gabi/projects/hack-so2023/lambda-function-loader/checker/output/out-Nr91Xr
